en:
  base: &base_attributes
    name: Changed
    new_thing: New
  more: &more_attributes
    thing: Thing
  test:
    <<: [*base_attributes, *more_attributes]
    title: Testing
